// Jest Snapshot v1, https://goo.gl/fbAQLP

exports[`playlists match snapshot 1`] = `
<DocumentFragment>
  <div
    class="playlists"
  >
    <div
      class="field"
    >
      <label
        for="name"
      />
      <input
        class="input input--is-white"
        id="name"
        min="0"
        placeholder="Filtrar pelo nome da playlist"
        step="1"
        type="text"
        value=""
      />
    </div>
    <div
      class="playlists__cards"
    >
      <a
        class="playlist-card"
        href="https://open.spotify.com/playlist/37i9dQZF1DXbYM3nMM0oPk"
      >
        <img
          alt="Capa da playlist"
          class="playlist-card__image"
          src="https://i.scdn.co/image/ab67706f00000002002b3728f0d5c5c599b9b06a"
        />
        <div>
          <div
            class="playlist-card__title"
          >
            Mega Hit Mix
          </div>
          <div>
            A mega mix of 75 of your favorite songs from the last few years! Cover: Post Malone
          </div>
        </div>
      </a>
      <a
        class="playlist-card"
        href="https://open.spotify.com/playlist/37i9dQZF1DX4sWSpwq3LiO"
      >
        <img
          alt="Capa da playlist"
          class="playlist-card__image"
          src="https://i.scdn.co/image/ab67706f00000002ca5a7517156021292e5663a6"
        />
        <div>
          <div
            class="playlist-card__title"
          >
            Peaceful Piano
          </div>
          <div>
            Relax and indulge with beautiful piano pieces
          </div>
        </div>
      </a>
    </div>
  </div>
</DocumentFragment>
`;
